Component: ARM Compiler 5.06 update 6 (build 750) Tool: armlink [4d35ed]

==============================================================================

Section Cross References

    myfun.o(i.Algorythm_one) refers to myfun.o(i.ResetPosition) for ResetPosition
    myfun.o(i.Algorythm_one) refers to myfun.o(i.delay_ms) for delay_ms
    myfun.o(i.Algorythm_one) refers to myfun.o(i.MoveForward1) for MoveForward1
    myfun.o(i.Algorythm_one) refers to myfun.o(i.MoveForward2) for MoveForward2
    myfun.o(i.Algorythm_one) refers to myfun.o(i.ResetPositionB) for ResetPositionB
    myfun.o(i.Algorythm_one) refers to myfun.o(i.MoveBackwards1) for MoveBackwards1
    myfun.o(i.Algorythm_one) refers to myfun.o(i.MoveBackwards2) for MoveBackwards2
    myfun.o(i.Algorythm_one) refers to myfun.o(i.TurnRight1) for TurnRight1
    myfun.o(i.Algorythm_one) refers to myfun.o(i.TurnRight2) for TurnRight2
    myfun.o(i.Algorythm_one) refers to myfun.o(i.TurnLeft1) for TurnLeft1
    myfun.o(i.Algorythm_one) refers to myfun.o(i.TurnLeft2) for TurnLeft2
    myfun.o(i.Algorythm_one) refers to myfun.o(.data) for set
    myfun.o(i.Algorytm_two) refers to myfun.o(i.ResetPosition_2) for ResetPosition_2
    myfun.o(i.Algorytm_two) refers to myfun.o(i.delay_ms) for delay_ms
    myfun.o(i.Algorytm_two) refers to myfun.o(i.abc) for abc
    myfun.o(i.Algorytm_two) refers to myfun.o(i.abc2) for abc2
    myfun.o(i.Algorytm_two) refers to myfun.o(i.abc3) for abc3
    myfun.o(i.Algorytm_two) refers to myfun.o(i.abc4) for abc4
    myfun.o(i.Algorytm_two) refers to myfun.o(i.ResetPositionB) for ResetPositionB
    myfun.o(i.Algorytm_two) refers to myfun.o(i.MoveBackwards1) for MoveBackwards1
    myfun.o(i.Algorytm_two) refers to myfun.o(i.MoveBackwards2) for MoveBackwards2
    myfun.o(i.Algorytm_two) refers to myfun.o(i.ResetPosition) for ResetPosition
    myfun.o(i.Algorytm_two) refers to myfun.o(i.TurnRight1) for TurnRight1
    myfun.o(i.Algorytm_two) refers to myfun.o(i.TurnRight2) for TurnRight2
    myfun.o(i.Algorytm_two) refers to myfun.o(i.TurnLeft1) for TurnLeft1
    myfun.o(i.Algorytm_two) refers to myfun.o(i.TurnLeft2) for TurnLeft2
    myfun.o(i.Algorytm_two) refers to myfun.o(.data) for set
    myfun.o(i.BluetoothReceive) refers to myfun.o(i.ComReceive) for ComReceive
    myfun.o(i.BluetoothReceive) refers to myfun.o(.data) for set
    myfun.o(i.MoveBackwards1) refers to myfun.o(i.delay_ms) for delay_ms
    myfun.o(i.MoveBackwards1) refers to myfun.o(.data) for z1F1
    myfun.o(i.MoveBackwards2) refers to myfun.o(i.delay_ms) for delay_ms
    myfun.o(i.MoveBackwards2) refers to myfun.o(.data) for z1F2
    myfun.o(i.MoveForward1) refers to myfun.o(i.delay_ms) for delay_ms
    myfun.o(i.MoveForward1) refers to dflt_clz.o(x$fpl$dfltu) for __aeabi_ui2d
    myfun.o(i.MoveForward1) refers to dmul.o(x$fpl$dmul) for __aeabi_dmul
    myfun.o(i.MoveForward1) refers to daddsub_clz.o(x$fpl$dadd) for __aeabi_dadd
    myfun.o(i.MoveForward1) refers to dfixu.o(x$fpl$dfixu) for __aeabi_d2uiz
    myfun.o(i.MoveForward1) refers to daddsub_clz.o(x$fpl$drsb) for __aeabi_drsub
    myfun.o(i.MoveForward1) refers to myfun.o(.data) for z1F1
    myfun.o(i.MoveForward2) refers to myfun.o(i.delay_ms) for delay_ms
    myfun.o(i.MoveForward2) refers to dflt_clz.o(x$fpl$dfltu) for __aeabi_ui2d
    myfun.o(i.MoveForward2) refers to dmul.o(x$fpl$dmul) for __aeabi_dmul
    myfun.o(i.MoveForward2) refers to daddsub_clz.o(x$fpl$drsb) for __aeabi_drsub
    myfun.o(i.MoveForward2) refers to dfixu.o(x$fpl$dfixu) for __aeabi_d2uiz
    myfun.o(i.MoveForward2) refers to daddsub_clz.o(x$fpl$dadd) for __aeabi_dadd
    myfun.o(i.MoveForward2) refers to myfun.o(.data) for z1F2
    myfun.o(i.ResetPosition) refers to myfun.o(.data) for z1F1
    myfun.o(i.ResetPositionB) refers to myfun.o(.data) for z1F1
    myfun.o(i.ResetPosition_2) refers to myfun.o(.data) for z1F1
    myfun.o(i.StartPosition_2) refers to myfun.o(i.delay_ms) for delay_ms
    myfun.o(i.StartPosition_2) refers to myfun.o(.data) for pos1
    myfun.o(i.Start_Position) refers to myfun.o(i.delay_ms) for delay_ms
    myfun.o(i.Start_Position) refers to myfun.o(.data) for pos1
    myfun.o(i.SysTick_Handler) refers to myfun.o(.data) for tick
    myfun.o(i.TurnLeft1) refers to myfun.o(i.delay_ms) for delay_ms
    myfun.o(i.TurnLeft1) refers to myfun.o(.data) for z1F1
    myfun.o(i.TurnLeft2) refers to myfun.o(i.delay_ms) for delay_ms
    myfun.o(i.TurnLeft2) refers to myfun.o(.data) for z1F2
    myfun.o(i.TurnRight1) refers to myfun.o(i.delay_ms) for delay_ms
    myfun.o(i.TurnRight1) refers to myfun.o(.data) for z1F2
    myfun.o(i.TurnRight2) refers to myfun.o(i.delay_ms) for delay_ms
    myfun.o(i.TurnRight2) refers to myfun.o(.data) for z1F1
    myfun.o(i.abc) refers to myfun.o(i.delay_ms) for delay_ms
    myfun.o(i.abc) refers to dflt_clz.o(x$fpl$dfltu) for __aeabi_ui2d
    myfun.o(i.abc) refers to dmul.o(x$fpl$dmul) for __aeabi_dmul
    myfun.o(i.abc) refers to daddsub_clz.o(x$fpl$dadd) for __aeabi_dadd
    myfun.o(i.abc) refers to dfixu.o(x$fpl$dfixu) for __aeabi_d2uiz
    myfun.o(i.abc) refers to ddiv.o(x$fpl$ddiv) for __aeabi_ddiv
    myfun.o(i.abc) refers to daddsub_clz.o(x$fpl$drsb) for __aeabi_drsub
    myfun.o(i.abc) refers to myfun.o(.data) for z1F1
    myfun.o(i.abc2) refers to myfun.o(i.delay_ms) for delay_ms
    myfun.o(i.abc2) refers to dflt_clz.o(x$fpl$dfltu) for __aeabi_ui2d
    myfun.o(i.abc2) refers to dmul.o(x$fpl$dmul) for __aeabi_dmul
    myfun.o(i.abc2) refers to daddsub_clz.o(x$fpl$drsb) for __aeabi_drsub
    myfun.o(i.abc2) refers to dfixu.o(x$fpl$dfixu) for __aeabi_d2uiz
    myfun.o(i.abc2) refers to ddiv.o(x$fpl$ddiv) for __aeabi_ddiv
    myfun.o(i.abc2) refers to daddsub_clz.o(x$fpl$dadd) for __aeabi_dadd
    myfun.o(i.abc2) refers to myfun.o(.data) for z1F2
    myfun.o(i.abc3) refers to myfun.o(i.delay_ms) for delay_ms
    myfun.o(i.abc3) refers to dflt_clz.o(x$fpl$dfltu) for __aeabi_ui2d
    myfun.o(i.abc3) refers to dmul.o(x$fpl$dmul) for __aeabi_dmul
    myfun.o(i.abc3) refers to daddsub_clz.o(x$fpl$drsb) for __aeabi_drsub
    myfun.o(i.abc3) refers to dfixu.o(x$fpl$dfixu) for __aeabi_d2uiz
    myfun.o(i.abc3) refers to ddiv.o(x$fpl$ddiv) for __aeabi_ddiv
    myfun.o(i.abc3) refers to daddsub_clz.o(x$fpl$dadd) for __aeabi_dadd
    myfun.o(i.abc3) refers to myfun.o(.data) for z1F3
    myfun.o(i.abc4) refers to myfun.o(i.delay_ms) for delay_ms
    myfun.o(i.abc4) refers to dflt_clz.o(x$fpl$dfltu) for __aeabi_ui2d
    myfun.o(i.abc4) refers to dmul.o(x$fpl$dmul) for __aeabi_dmul
    myfun.o(i.abc4) refers to daddsub_clz.o(x$fpl$dadd) for __aeabi_dadd
    myfun.o(i.abc4) refers to dfixu.o(x$fpl$dfixu) for __aeabi_d2uiz
    myfun.o(i.abc4) refers to ddiv.o(x$fpl$ddiv) for __aeabi_ddiv
    myfun.o(i.abc4) refers to daddsub_clz.o(x$fpl$drsb) for __aeabi_drsub
    myfun.o(i.abc4) refers to myfun.o(.data) for z1F4
    myfun.o(i.delay_ms) refers to myfun.o(.data) for tick
    main.o(i.main) refers to myfun.o(i.Led_Conf) for Led_Conf
    main.o(i.main) refers to myfun.o(i.Pin_Conf) for Pin_Conf
    main.o(i.main) refers to myfun.o(i.Timer_Conf) for Timer_Conf
    main.o(i.main) refers to myfun.o(i.USART_Conf) for USART_Conf
    main.o(i.main) refers to myfun.o(i.Start_Position) for Start_Position
    main.o(i.main) refers to myfun.o(i.BluetoothReceive) for BluetoothReceive
    main.o(i.main) refers to myfun.o(i.Algorythm_one) for Algorythm_one
    main.o(i.main) refers to myfun.o(i.Algorytm_two) for Algorytm_two
    main.o(i.main) refers to myfun.o(.data) for alg
    startup_stm32f10x_md.o(STACK) refers (Special) to heapauxi.o(.text) for __use_two_region_memory
    startup_stm32f10x_md.o(HEAP) refers (Special) to heapauxi.o(.text) for __use_two_region_memory
    startup_stm32f10x_md.o(RESET) refers (Special) to heapauxi.o(.text) for __use_two_region_memory
    startup_stm32f10x_md.o(RESET) refers to startup_stm32f10x_md.o(STACK) for __initial_sp
    startup_stm32f10x_md.o(RESET) refers to startup_stm32f10x_md.o(.text) for Reset_Handler
    startup_stm32f10x_md.o(RESET) refers to myfun.o(i.SysTick_Handler) for SysTick_Handler
    startup_stm32f10x_md.o(.text) refers (Special) to heapauxi.o(.text) for __use_two_region_memory
    startup_stm32f10x_md.o(.text) refers to system_stm32f10x.o(i.SystemInit) for SystemInit
    startup_stm32f10x_md.o(.text) refers to __main.o(!!!main) for __main
    startup_stm32f10x_md.o(.text) refers to startup_stm32f10x_md.o(HEAP) for Heap_Mem
    startup_stm32f10x_md.o(.text) refers to startup_stm32f10x_md.o(STACK) for Stack_Mem
    system_stm32f10x.o(i.SetSysClock) refers to system_stm32f10x.o(i.SetSysClockTo72) for SetSysClockTo72
    system_stm32f10x.o(i.SystemCoreClockUpdate) refers to system_stm32f10x.o(.data) for SystemCoreClock
    system_stm32f10x.o(i.SystemInit) refers to system_stm32f10x.o(i.SetSysClock) for SetSysClock
    __main.o(!!!main) refers to __rtentry.o(.ARM.Collect$$rtentry$$00000000) for __rt_entry
    daddsub_clz.o(x$fpl$dadd) refers (Special) to usenofp.o(x$fpl$usenofp) for __I$use$fp
    daddsub_clz.o(x$fpl$dadd) refers to daddsub_clz.o(x$fpl$dsub) for _dsub1
    daddsub_clz.o(x$fpl$dadd) refers to dretinf.o(x$fpl$dretinf) for __fpl_dretinf
    daddsub_clz.o(x$fpl$dadd) refers to dnaninf.o(x$fpl$dnaninf) for __fpl_dnaninf
    daddsub_clz.o(x$fpl$drsb) refers (Special) to usenofp.o(x$fpl$usenofp) for __I$use$fp
    daddsub_clz.o(x$fpl$drsb) refers to daddsub_clz.o(x$fpl$dadd) for _dadd1
    daddsub_clz.o(x$fpl$drsb) refers to daddsub_clz.o(x$fpl$dsub) for _dsub1
    daddsub_clz.o(x$fpl$dsub) refers (Special) to usenofp.o(x$fpl$usenofp) for __I$use$fp
    daddsub_clz.o(x$fpl$dsub) refers to daddsub_clz.o(x$fpl$dadd) for _dadd1
    daddsub_clz.o(x$fpl$dsub) refers to dnaninf.o(x$fpl$dnaninf) for __fpl_dnaninf
    ddiv.o(x$fpl$drdiv) refers (Special) to usenofp.o(x$fpl$usenofp) for __I$use$fp
    ddiv.o(x$fpl$drdiv) refers to ddiv.o(x$fpl$ddiv) for ddiv_entry
    ddiv.o(x$fpl$ddiv) refers (Special) to usenofp.o(x$fpl$usenofp) for __I$use$fp
    ddiv.o(x$fpl$ddiv) refers to dretinf.o(x$fpl$dretinf) for __fpl_dretinf
    ddiv.o(x$fpl$ddiv) refers to dnaninf.o(x$fpl$dnaninf) for __fpl_dnaninf
    dfixu.o(x$fpl$dfixu) refers (Special) to usenofp.o(x$fpl$usenofp) for __I$use$fp
    dfixu.o(x$fpl$dfixu) refers to dnaninf.o(x$fpl$dnaninf) for __fpl_dnaninf
    dfixu.o(x$fpl$dfixur) refers (Special) to usenofp.o(x$fpl$usenofp) for __I$use$fp
    dfixu.o(x$fpl$dfixur) refers to dnaninf.o(x$fpl$dnaninf) for __fpl_dnaninf
    dflt_clz.o(x$fpl$dfltu) refers (Special) to usenofp.o(x$fpl$usenofp) for __I$use$fp
    dflt_clz.o(x$fpl$dflt) refers (Special) to usenofp.o(x$fpl$usenofp) for __I$use$fp
    dflt_clz.o(x$fpl$dfltn) refers (Special) to usenofp.o(x$fpl$usenofp) for __I$use$fp
    dmul.o(x$fpl$dmul) refers (Special) to usenofp.o(x$fpl$usenofp) for __I$use$fp
    dmul.o(x$fpl$dmul) refers to dretinf.o(x$fpl$dretinf) for __fpl_dretinf
    dmul.o(x$fpl$dmul) refers to dnaninf.o(x$fpl$dnaninf) for __fpl_dnaninf
    __rtentry.o(.ARM.Collect$$rtentry$$00000000) refers (Special) to __rtentry2.o(.ARM.Collect$$rtentry$$0000000A) for __rt_entry_li
    __rtentry.o(.ARM.Collect$$rtentry$$00000000) refers (Special) to __rtentry2.o(.ARM.Collect$$rtentry$$0000000D) for __rt_entry_main
    __rtentry.o(.ARM.Collect$$rtentry$$00000000) refers (Special) to __rtentry2.o(.ARM.Collect$$rtentry$$0000000C) for __rt_entry_postli_1
    __rtentry.o(.ARM.Collect$$rtentry$$00000000) refers (Special) to __rtentry2.o(.ARM.Collect$$rtentry$$00000009) for __rt_entry_postsh_1
    __rtentry.o(.ARM.Collect$$rtentry$$00000000) refers (Special) to __rtentry2.o(.ARM.Collect$$rtentry$$00000002) for __rt_entry_presh_1
    __rtentry.o(.ARM.Collect$$rtentry$$00000000) refers (Special) to __rtentry4.o(.ARM.Collect$$rtentry$$00000004) for __rt_entry_sh
    dnaninf.o(x$fpl$dnaninf) refers (Special) to usenofp.o(x$fpl$usenofp) for __I$use$fp
    dretinf.o(x$fpl$dretinf) refers (Special) to usenofp.o(x$fpl$usenofp) for __I$use$fp
    __rtentry2.o(.ARM.Collect$$rtentry$$00000008) refers to boardinit2.o(.text) for _platform_post_stackheap_init
    __rtentry2.o(.ARM.Collect$$rtentry$$0000000A) refers to libinit.o(.ARM.Collect$$libinit$$00000000) for __rt_lib_init
    __rtentry2.o(.ARM.Collect$$rtentry$$0000000B) refers to boardinit3.o(.text) for _platform_post_lib_init
    __rtentry2.o(.ARM.Collect$$rtentry$$0000000D) refers to main.o(i.main) for main
    __rtentry2.o(.ARM.Collect$$rtentry$$0000000D) refers to exit.o(.text) for exit
    __rtentry2.o(.ARM.exidx) refers to __rtentry2.o(.ARM.Collect$$rtentry$$00000001) for .ARM.Collect$$rtentry$$00000001
    __rtentry2.o(.ARM.exidx) refers to __rtentry2.o(.ARM.Collect$$rtentry$$00000008) for .ARM.Collect$$rtentry$$00000008
    __rtentry2.o(.ARM.exidx) refers to __rtentry2.o(.ARM.Collect$$rtentry$$0000000A) for .ARM.Collect$$rtentry$$0000000A
    __rtentry2.o(.ARM.exidx) refers to __rtentry2.o(.ARM.Collect$$rtentry$$0000000B) for .ARM.Collect$$rtentry$$0000000B
    __rtentry2.o(.ARM.exidx) refers to __rtentry2.o(.ARM.Collect$$rtentry$$0000000D) for .ARM.Collect$$rtentry$$0000000D
    __rtentry4.o(.ARM.Collect$$rtentry$$00000004) refers to sys_stackheap_outer.o(.text) for __user_setup_stackheap
    __rtentry4.o(.ARM.exidx) refers to __rtentry4.o(.ARM.Collect$$rtentry$$00000004) for .ARM.Collect$$rtentry$$00000004
    sys_stackheap_outer.o(.text) refers to libspace.o(.text) for __user_perproc_libspace
    sys_stackheap_outer.o(.text) refers to startup_stm32f10x_md.o(.text) for __user_initial_stackheap
    exit.o(.text) refers to rtexit.o(.ARM.Collect$$rtexit$$00000000) for __rt_exit
    libinit.o(.ARM.Collect$$libinit$$00000000) refers (Special) to libinit2.o(.ARM.Collect$$libinit$$0000002E) for __rt_lib_init_alloca_1
    libinit.o(.ARM.Collect$$libinit$$00000000) refers (Special) to libinit2.o(.ARM.Collect$$libinit$$0000002C) for __rt_lib_init_argv_1
    libinit.o(.ARM.Collect$$libinit$$00000000) refers (Special) to libinit2.o(.ARM.Collect$$libinit$$0000001B) for __rt_lib_init_atexit_1
    libinit.o(.ARM.Collect$$libinit$$00000000) refers (Special) to libinit2.o(.ARM.Collect$$libinit$$00000021) for __rt_lib_init_clock_1
    libinit.o(.ARM.Collect$$libinit$$00000000) refers (Special) to libinit2.o(.ARM.Collect$$libinit$$00000032) for __rt_lib_init_cpp_1
    libinit.o(.ARM.Collect$$libinit$$00000000) refers (Special) to libinit2.o(.ARM.Collect$$libinit$$00000030) for __rt_lib_init_exceptions_1
    libinit.o(.ARM.Collect$$libinit$$00000000) refers (Special) to libinit2.o(.ARM.Collect$$libinit$$00000002) for __rt_lib_init_fp_1
    libinit.o(.ARM.Collect$$libinit$$00000000) refers (Special) to libinit2.o(.ARM.Collect$$libinit$$0000001F) for __rt_lib_init_fp_trap_1
    libinit.o(.ARM.Collect$$libinit$$00000000) refers (Special) to libinit2.o(.ARM.Collect$$libinit$$00000023) for __rt_lib_init_getenv_1
    libinit.o(.ARM.Collect$$libinit$$00000000) refers (Special) to libinit2.o(.ARM.Collect$$libinit$$0000000A) for __rt_lib_init_heap_1
    libinit.o(.ARM.Collect$$libinit$$00000000) refers (Special) to libinit2.o(.ARM.Collect$$libinit$$00000011) for __rt_lib_init_lc_collate_1
    libinit.o(.ARM.Collect$$libinit$$00000000) refers (Special) to libinit2.o(.ARM.Collect$$libinit$$00000013) for __rt_lib_init_lc_ctype_1
    libinit.o(.ARM.Collect$$libinit$$00000000) refers (Special) to libinit2.o(.ARM.Collect$$libinit$$00000015) for __rt_lib_init_lc_monetary_1
    libinit.o(.ARM.Collect$$libinit$$00000000) refers (Special) to libinit2.o(.ARM.Collect$$libinit$$00000017) for __rt_lib_init_lc_numeric_1
    libinit.o(.ARM.Collect$$libinit$$00000000) refers (Special) to libinit2.o(.ARM.Collect$$libinit$$00000019) for __rt_lib_init_lc_time_1
    libinit.o(.ARM.Collect$$libinit$$00000000) refers (Special) to libinit2.o(.ARM.Collect$$libinit$$00000004) for __rt_lib_init_preinit_1
    libinit.o(.ARM.Collect$$libinit$$00000000) refers (Special) to libinit2.o(.ARM.Collect$$libinit$$0000000E) for __rt_lib_init_rand_1
    libinit.o(.ARM.Collect$$libinit$$00000000) refers (Special) to libinit2.o(.ARM.Collect$$libinit$$00000033) for __rt_lib_init_return
    libinit.o(.ARM.Collect$$libinit$$00000000) refers (Special) to libinit2.o(.ARM.Collect$$libinit$$0000001D) for __rt_lib_init_signal_1
    libinit.o(.ARM.Collect$$libinit$$00000000) refers (Special) to libinit2.o(.ARM.Collect$$libinit$$00000025) for __rt_lib_init_stdio_1
    libinit.o(.ARM.Collect$$libinit$$00000000) refers (Special) to libinit2.o(.ARM.Collect$$libinit$$0000000C) for __rt_lib_init_user_alloc_1
    libspace.o(.text) refers to libspace.o(.bss) for __libspace_start
    rtexit.o(.ARM.Collect$$rtexit$$00000000) refers (Special) to rtexit2.o(.ARM.Collect$$rtexit$$00000004) for __rt_exit_exit
    rtexit.o(.ARM.Collect$$rtexit$$00000000) refers (Special) to rtexit2.o(.ARM.Collect$$rtexit$$00000003) for __rt_exit_ls
    rtexit.o(.ARM.Collect$$rtexit$$00000000) refers (Special) to rtexit2.o(.ARM.Collect$$rtexit$$00000002) for __rt_exit_prels_1
    rtexit.o(.ARM.exidx) refers (Special) to rtexit2.o(.ARM.Collect$$rtexit$$00000004) for __rt_exit_exit
    rtexit.o(.ARM.exidx) refers (Special) to rtexit2.o(.ARM.Collect$$rtexit$$00000003) for __rt_exit_ls
    rtexit.o(.ARM.exidx) refers (Special) to rtexit2.o(.ARM.Collect$$rtexit$$00000002) for __rt_exit_prels_1
    rtexit.o(.ARM.exidx) refers to rtexit.o(.ARM.Collect$$rtexit$$00000000) for .ARM.Collect$$rtexit$$00000000
    libinit2.o(.ARM.Collect$$libinit$$00000010) refers to libinit2.o(.ARM.Collect$$libinit$$0000000F) for .ARM.Collect$$libinit$$0000000F
    libinit2.o(.ARM.Collect$$libinit$$00000012) refers to libinit2.o(.ARM.Collect$$libinit$$0000000F) for .ARM.Collect$$libinit$$0000000F
    libinit2.o(.ARM.Collect$$libinit$$00000014) refers to libinit2.o(.ARM.Collect$$libinit$$0000000F) for .ARM.Collect$$libinit$$0000000F
    libinit2.o(.ARM.Collect$$libinit$$00000016) refers to libinit2.o(.ARM.Collect$$libinit$$0000000F) for .ARM.Collect$$libinit$$0000000F
    libinit2.o(.ARM.Collect$$libinit$$00000018) refers to libinit2.o(.ARM.Collect$$libinit$$0000000F) for .ARM.Collect$$libinit$$0000000F
    libinit2.o(.ARM.Collect$$libinit$$00000026) refers to argv_veneer.o(.emb_text) for __ARM_argv_veneer
    libinit2.o(.ARM.Collect$$libinit$$00000027) refers to argv_veneer.o(.emb_text) for __ARM_argv_veneer
    rtexit2.o(.ARM.Collect$$rtexit$$00000003) refers to libshutdown.o(.ARM.Collect$$libshutdown$$00000000) for __rt_lib_shutdown
    rtexit2.o(.ARM.Collect$$rtexit$$00000004) refers to sys_exit.o(.text) for _sys_exit
    rtexit2.o(.ARM.exidx) refers to rtexit2.o(.ARM.Collect$$rtexit$$00000001) for .ARM.Collect$$rtexit$$00000001
    rtexit2.o(.ARM.exidx) refers to rtexit2.o(.ARM.Collect$$rtexit$$00000003) for .ARM.Collect$$rtexit$$00000003
    rtexit2.o(.ARM.exidx) refers to rtexit2.o(.ARM.Collect$$rtexit$$00000004) for .ARM.Collect$$rtexit$$00000004
    argv_veneer.o(.emb_text) refers to no_argv.o(.text) for __ARM_get_argv
    sys_exit.o(.text) refers (Special) to use_no_semi.o(.text) for __I$use$semihosting
    sys_exit.o(.text) refers (Special) to indicate_semi.o(.text) for __semihosting_library_function
    _get_argv_nomalloc.o(.text) refers (Special) to hrguard.o(.text) for __heap_region$guard
    _get_argv_nomalloc.o(.text) refers to defsig_rtmem_outer.o(.text) for __rt_SIGRTMEM
    _get_argv_nomalloc.o(.text) refers to sys_command.o(.text) for _sys_command_string
    libshutdown.o(.ARM.Collect$$libshutdown$$00000000) refers (Special) to libshutdown2.o(.ARM.Collect$$libshutdown$$00000002) for __rt_lib_shutdown_cpp_1
    libshutdown.o(.ARM.Collect$$libshutdown$$00000000) refers (Special) to libshutdown2.o(.ARM.Collect$$libshutdown$$00000007) for __rt_lib_shutdown_fp_trap_1
    libshutdown.o(.ARM.Collect$$libshutdown$$00000000) refers (Special) to libshutdown2.o(.ARM.Collect$$libshutdown$$0000000F) for __rt_lib_shutdown_heap_1
    libshutdown.o(.ARM.Collect$$libshutdown$$00000000) refers (Special) to libshutdown2.o(.ARM.Collect$$libshutdown$$00000010) for __rt_lib_shutdown_return
    libshutdown.o(.ARM.Collect$$libshutdown$$00000000) refers (Special) to libshutdown2.o(.ARM.Collect$$libshutdown$$0000000A) for __rt_lib_shutdown_signal_1
    libshutdown.o(.ARM.Collect$$libshutdown$$00000000) refers (Special) to libshutdown2.o(.ARM.Collect$$libshutdown$$00000004) for __rt_lib_shutdown_stdio_1
    libshutdown.o(.ARM.Collect$$libshutdown$$00000000) refers (Special) to libshutdown2.o(.ARM.Collect$$libshutdown$$0000000C) for __rt_lib_shutdown_user_alloc_1
    sys_command.o(.text) refers (Special) to use_no_semi.o(.text) for __I$use$semihosting
    sys_command.o(.text) refers (Special) to indicate_semi.o(.text) for __semihosting_library_function
    defsig_rtmem_outer.o(.text) refers to defsig_rtmem_inner.o(.text) for __rt_SIGRTMEM_inner
    defsig_rtmem_outer.o(.text) refers to defsig_exit.o(.text) for __sig_exit
    defsig_rtmem_formal.o(.text) refers to rt_raise.o(.text) for __rt_raise
    rt_raise.o(.text) refers to __raise.o(.text) for __raise
    rt_raise.o(.text) refers to sys_exit.o(.text) for _sys_exit
    defsig_exit.o(.text) refers to sys_exit.o(.text) for _sys_exit
    defsig_rtmem_inner.o(.text) refers to defsig_general.o(.text) for __default_signal_display
    __raise.o(.text) refers to defsig.o(CL$$defsig) for __default_signal_handler
    defsig_general.o(.text) refers to sys_wrch.o(.text) for _ttywrch
    sys_wrch.o(.text) refers (Special) to use_no_semi.o(.text) for __I$use$semihosting
    sys_wrch.o(.text) refers (Special) to indicate_semi.o(.text) for __semihosting_library_function
    defsig.o(CL$$defsig) refers to defsig_rtmem_inner.o(.text) for __rt_SIGRTMEM_inner
    defsig_abrt_inner.o(.text) refers to defsig_general.o(.text) for __default_signal_display
    defsig_fpe_inner.o(.text) refers to defsig_general.o(.text) for __default_signal_display
    defsig_rtred_inner.o(.text) refers to defsig_general.o(.text) for __default_signal_display
    defsig_stak_inner.o(.text) refers to defsig_general.o(.text) for __default_signal_display
    defsig_pvfn_inner.o(.text) refers to defsig_general.o(.text) for __default_signal_display
    defsig_cppl_inner.o(.text) refers to defsig_general.o(.text) for __default_signal_display
    defsig_segv_inner.o(.text) refers to defsig_general.o(.text) for __default_signal_display
    defsig_other.o(.text) refers to defsig_general.o(.text) for __default_signal_display


==============================================================================

Removing Unused input sections from the image.

    Removing myfun.o(.rev16_text), (4 bytes).
    Removing myfun.o(.revsh_text), (4 bytes).
    Removing myfun.o(.rrx_text), (6 bytes).
    Removing myfun.o(i.Led_OnOff), (48 bytes).
    Removing myfun.o(i.StartPosition_2), (412 bytes).
    Removing main.o(.rev16_text), (4 bytes).
    Removing main.o(.revsh_text), (4 bytes).
    Removing main.o(.rrx_text), (6 bytes).
    Removing system_stm32f10x.o(.rev16_text), (4 bytes).
    Removing system_stm32f10x.o(.revsh_text), (4 bytes).
    Removing system_stm32f10x.o(.rrx_text), (6 bytes).
    Removing system_stm32f10x.o(i.SystemCoreClockUpdate), (164 bytes).
    Removing system_stm32f10x.o(.data), (20 bytes).

13 unused section(s) (total 686 bytes) removed from the image.

==============================================================================

Image Symbol Table

    Local Symbols

    Symbol Name                              Value     Ov Type        Size  Object(Section)

    ../clib/angel/boardlib.s                 0x00000000   Number         0  boardshut.o ABSOLUTE
    ../clib/angel/boardlib.s                 0x00000000   Number         0  boardinit1.o ABSOLUTE
    ../clib/angel/boardlib.s                 0x00000000   Number         0  boardinit3.o ABSOLUTE
    ../clib/angel/boardlib.s                 0x00000000   Number         0  boardinit2.o ABSOLUTE
    ../clib/angel/handlers.s                 0x00000000   Number         0  __scatter_copy.o ABSOLUTE
    ../clib/angel/handlers.s                 0x00000000   Number         0  __scatter_zi.o ABSOLUTE
    ../clib/angel/kernel.s                   0x00000000   Number         0  __rtentry2.o ABSOLUTE
    ../clib/angel/kernel.s                   0x00000000   Number         0  rtexit2.o ABSOLUTE
    ../clib/angel/kernel.s                   0x00000000   Number         0  rtexit.o ABSOLUTE
    ../clib/angel/kernel.s                   0x00000000   Number         0  __rtentry4.o ABSOLUTE
    ../clib/angel/kernel.s                   0x00000000   Number         0  __rtentry.o ABSOLUTE
    ../clib/angel/rt.s                       0x00000000   Number         0  rt_raise.o ABSOLUTE
    ../clib/angel/scatter.s                  0x00000000   Number         0  __scatter.o ABSOLUTE
    ../clib/angel/startup.s                  0x00000000   Number         0  __main.o ABSOLUTE
    ../clib/angel/sys.s                      0x00000000   Number         0  libspace.o ABSOLUTE
    ../clib/angel/sys.s                      0x00000000   Number         0  sys_stackheap_outer.o ABSOLUTE
    ../clib/angel/sys.s                      0x00000000   Number         0  indicate_semi.o ABSOLUTE
    ../clib/angel/sys.s                      0x00000000   Number         0  use_no_semi.o ABSOLUTE
    ../clib/angel/sysapp.c                   0x00000000   Number         0  sys_wrch.o ABSOLUTE
    ../clib/angel/sysapp.c                   0x00000000   Number         0  sys_exit.o ABSOLUTE
    ../clib/angel/sysapp.c                   0x00000000   Number         0  sys_command.o ABSOLUTE
    ../clib/armsys.c                         0x00000000   Number         0  argv_veneer.o ABSOLUTE
    ../clib/armsys.c                         0x00000000   Number         0  argv_veneer.o ABSOLUTE
    ../clib/armsys.c                         0x00000000   Number         0  no_argv.o ABSOLUTE
    ../clib/armsys.c                         0x00000000   Number         0  _get_argv_nomalloc.o ABSOLUTE
    ../clib/heapalloc.c                      0x00000000   Number         0  hrguard.o ABSOLUTE
    ../clib/heapaux.c                        0x00000000   Number         0  heapauxi.o ABSOLUTE
    ../clib/libinit.s                        0x00000000   Number         0  libshutdown.o ABSOLUTE
    ../clib/libinit.s                        0x00000000   Number         0  libinit.o ABSOLUTE
    ../clib/libinit.s                        0x00000000   Number         0  libshutdown2.o ABSOLUTE
    ../clib/libinit.s                        0x00000000   Number         0  libinit2.o ABSOLUTE
    ../clib/signal.c                         0x00000000   Number         0  defsig_rtmem_outer.o ABSOLUTE
    ../clib/signal.c                         0x00000000   Number         0  defsig_stak_inner.o ABSOLUTE
    ../clib/signal.c                         0x00000000   Number         0  defsig_rtmem_formal.o ABSOLUTE
    ../clib/signal.c                         0x00000000   Number         0  defsig_exit.o ABSOLUTE
    ../clib/signal.c                         0x00000000   Number         0  defsig_abrt_inner.o ABSOLUTE
    ../clib/signal.c                         0x00000000   Number         0  defsig_rtmem_inner.o ABSOLUTE
    ../clib/signal.c                         0x00000000   Number         0  defsig_fpe_inner.o ABSOLUTE
    ../clib/signal.c                         0x00000000   Number         0  defsig_rtred_inner.o ABSOLUTE
    ../clib/signal.c                         0x00000000   Number         0  defsig_pvfn_inner.o ABSOLUTE
    ../clib/signal.c                         0x00000000   Number         0  defsig_cppl_inner.o ABSOLUTE
    ../clib/signal.c                         0x00000000   Number         0  defsig_segv_inner.o ABSOLUTE
    ../clib/signal.c                         0x00000000   Number         0  defsig_other.o ABSOLUTE
    ../clib/signal.c                         0x00000000   Number         0  __raise.o ABSOLUTE
    ../clib/signal.c                         0x00000000   Number         0  defsig_general.o ABSOLUTE
    ../clib/signal.s                         0x00000000   Number         0  defsig.o ABSOLUTE
    ../clib/stdlib.c                         0x00000000   Number         0  exit.o ABSOLUTE
    ../fplib/daddsub.s                       0x00000000   Number         0  daddsub_clz.o ABSOLUTE
    ../fplib/ddiv.s                          0x00000000   Number         0  ddiv.o ABSOLUTE
    ../fplib/dfixu.s                         0x00000000   Number         0  dfixu.o ABSOLUTE
    ../fplib/dflt.s                          0x00000000   Number         0  dflt_clz.o ABSOLUTE
    ../fplib/dmul.s                          0x00000000   Number         0  dmul.o ABSOLUTE
    ../fplib/dnaninf.s                       0x00000000   Number         0  dnaninf.o ABSOLUTE
    ../fplib/dretinf.s                       0x00000000   Number         0  dretinf.o ABSOLUTE
    ../fplib/fpinit.s                        0x00000000   Number         0  fpinit.o ABSOLUTE
    ../fplib/usenofp.s                       0x00000000   Number         0  usenofp.o ABSOLUTE
    RTE\Device\STM32F103C8\startup_stm32f10x_md.s 0x00000000   Number         0  startup_stm32f10x_md.o ABSOLUTE
    RTE\Device\STM32F103C8\system_stm32f10x.c 0x00000000   Number         0  system_stm32f10x.o ABSOLUTE
    RTE\\Device\\STM32F103C8\\system_stm32f10x.c 0x00000000   Number         0  system_stm32f10x.o ABSOLUTE
    dc.s                                     0x00000000   Number         0  dc.o ABSOLUTE
    main.c                                   0x00000000   Number         0  main.o ABSOLUTE
    main.c                                   0x00000000   Number         0  main.o ABSOLUTE
    myfun.c                                  0x00000000   Number         0  myfun.o ABSOLUTE
    myfun.c                                  0x00000000   Number         0  myfun.o ABSOLUTE
    RESET                                    0x08000000   Section      236  startup_stm32f10x_md.o(RESET)
    !!!main                                  0x080000ec   Section        8  __main.o(!!!main)
    !!!scatter                               0x080000f4   Section       52  __scatter.o(!!!scatter)
    !!handler_copy                           0x08000128   Section       26  __scatter_copy.o(!!handler_copy)
    !!handler_zi                             0x08000144   Section       28  __scatter_zi.o(!!handler_zi)
    .ARM.Collect$$libinit$$00000000          0x08000160   Section        2  libinit.o(.ARM.Collect$$libinit$$00000000)
    .ARM.Collect$$libinit$$00000002          0x08000162   Section        0  libinit2.o(.ARM.Collect$$libinit$$00000002)
    .ARM.Collect$$libinit$$00000004          0x08000162   Section        0  libinit2.o(.ARM.Collect$$libinit$$00000004)
    .ARM.Collect$$libinit$$0000000A          0x08000162   Section        0  libinit2.o(.ARM.Collect$$libinit$$0000000A)
    .ARM.Collect$$libinit$$0000000C          0x08000162   Section        0  libinit2.o(.ARM.Collect$$libinit$$0000000C)
    .ARM.Collect$$libinit$$0000000E          0x08000162   Section        0  libinit2.o(.ARM.Collect$$libinit$$0000000E)
    .ARM.Collect$$libinit$$00000011          0x08000162   Section        0  libinit2.o(.ARM.Collect$$libinit$$00000011)
    .ARM.Collect$$libinit$$00000013          0x08000162   Section        0  libinit2.o(.ARM.Collect$$libinit$$00000013)
    .ARM.Collect$$libinit$$00000015          0x08000162   Section        0  libinit2.o(.ARM.Collect$$libinit$$00000015)
    .ARM.Collect$$libinit$$00000017          0x08000162   Section        0  libinit2.o(.ARM.Collect$$libinit$$00000017)
    .ARM.Collect$$libinit$$00000019          0x08000162   Section        0  libinit2.o(.ARM.Collect$$libinit$$00000019)
    .ARM.Collect$$libinit$$0000001B          0x08000162   Section        0  libinit2.o(.ARM.Collect$$libinit$$0000001B)
    .ARM.Collect$$libinit$$0000001D          0x08000162   Section        0  libinit2.o(.ARM.Collect$$libinit$$0000001D)
    .ARM.Collect$$libinit$$0000001F          0x08000162   Section        0  libinit2.o(.ARM.Collect$$libinit$$0000001F)
    .ARM.Collect$$libinit$$00000021          0x08000162   Section        0  libinit2.o(.ARM.Collect$$libinit$$00000021)
    .ARM.Collect$$libinit$$00000023          0x08000162   Section        0  libinit2.o(.ARM.Collect$$libinit$$00000023)
    .ARM.Collect$$libinit$$00000025          0x08000162   Section        0  libinit2.o(.ARM.Collect$$libinit$$00000025)
    .ARM.Collect$$libinit$$0000002C          0x08000162   Section        0  libinit2.o(.ARM.Collect$$libinit$$0000002C)
    .ARM.Collect$$libinit$$0000002E          0x08000162   Section        0  libinit2.o(.ARM.Collect$$libinit$$0000002E)
    .ARM.Collect$$libinit$$00000030          0x08000162   Section        0  libinit2.o(.ARM.Collect$$libinit$$00000030)
    .ARM.Collect$$libinit$$00000032          0x08000162   Section        0  libinit2.o(.ARM.Collect$$libinit$$00000032)
    .ARM.Collect$$libinit$$00000033          0x08000162   Section        2  libinit2.o(.ARM.Collect$$libinit$$00000033)
    .ARM.Collect$$libshutdown$$00000000      0x08000164   Section        2  libshutdown.o(.ARM.Collect$$libshutdown$$00000000)
    .ARM.Collect$$libshutdown$$00000002      0x08000166   Section        0  libshutdown2.o(.ARM.Collect$$libshutdown$$00000002)
    .ARM.Collect$$libshutdown$$00000004      0x08000166   Section        0  libshutdown2.o(.ARM.Collect$$libshutdown$$00000004)
    .ARM.Collect$$libshutdown$$00000007      0x08000166   Section        0  libshutdown2.o(.ARM.Collect$$libshutdown$$00000007)
    .ARM.Collect$$libshutdown$$0000000A      0x08000166   Section        0  libshutdown2.o(.ARM.Collect$$libshutdown$$0000000A)
    .ARM.Collect$$libshutdown$$0000000C      0x08000166   Section        0  libshutdown2.o(.ARM.Collect$$libshutdown$$0000000C)
    .ARM.Collect$$libshutdown$$0000000F      0x08000166   Section        0  libshutdown2.o(.ARM.Collect$$libshutdown$$0000000F)
    .ARM.Collect$$libshutdown$$00000010      0x08000166   Section        2  libshutdown2.o(.ARM.Collect$$libshutdown$$00000010)
    .ARM.Collect$$rtentry$$00000000          0x08000168   Section        0  __rtentry.o(.ARM.Collect$$rtentry$$00000000)
    .ARM.Collect$$rtentry$$00000002          0x08000168   Section        0  __rtentry2.o(.ARM.Collect$$rtentry$$00000002)
    .ARM.Collect$$rtentry$$00000004          0x08000168   Section        6  __rtentry4.o(.ARM.Collect$$rtentry$$00000004)
    .ARM.Collect$$rtentry$$00000009          0x0800016e   Section        0  __rtentry2.o(.ARM.Collect$$rtentry$$00000009)
    .ARM.Collect$$rtentry$$0000000A          0x0800016e   Section        4  __rtentry2.o(.ARM.Collect$$rtentry$$0000000A)
    .ARM.Collect$$rtentry$$0000000C          0x08000172   Section        0  __rtentry2.o(.ARM.Collect$$rtentry$$0000000C)
    .ARM.Collect$$rtentry$$0000000D          0x08000172   Section        8  __rtentry2.o(.ARM.Collect$$rtentry$$0000000D)
    .ARM.Collect$$rtexit$$00000000           0x0800017a   Section        2  rtexit.o(.ARM.Collect$$rtexit$$00000000)
    .ARM.Collect$$rtexit$$00000002           0x0800017c   Section        0  rtexit2.o(.ARM.Collect$$rtexit$$00000002)
    .ARM.Collect$$rtexit$$00000003           0x0800017c   Section        4  rtexit2.o(.ARM.Collect$$rtexit$$00000003)
    .ARM.Collect$$rtexit$$00000004           0x08000180   Section        6  rtexit2.o(.ARM.Collect$$rtexit$$00000004)
    .text                                    0x08000188   Section       64  startup_stm32f10x_md.o(.text)
    .text                                    0x080001c8   Section        0  heapauxi.o(.text)
    .text                                    0x080001ce   Section       74  sys_stackheap_outer.o(.text)
    .text                                    0x08000218   Section        0  exit.o(.text)
    .text                                    0x0800022c   Section        8  libspace.o(.text)
    .text                                    0x08000234   Section        0  sys_exit.o(.text)
    .text                                    0x08000240   Section        2  use_no_semi.o(.text)
    .text                                    0x08000242   Section        0  indicate_semi.o(.text)
    i.Algorythm_one                          0x08000244   Section        0  myfun.o(i.Algorythm_one)
    i.Algorytm_two                           0x0800032c   Section        0  myfun.o(i.Algorytm_two)
    i.BluetoothReceive                       0x08000434   Section        0  myfun.o(i.BluetoothReceive)
    i.ComReceive                             0x080004ac   Section        0  myfun.o(i.ComReceive)
    i.Led_Conf                               0x080004c0   Section        0  myfun.o(i.Led_Conf)
    i.MoveBackwards1                         0x080004ec   Section        0  myfun.o(i.MoveBackwards1)
    i.MoveBackwards2                         0x0800061c   Section        0  myfun.o(i.MoveBackwards2)
    i.MoveForward1                           0x08000738   Section        0  myfun.o(i.MoveForward1)
    i.MoveForward2                           0x080008e0   Section        0  myfun.o(i.MoveForward2)
    i.Pin_Conf                               0x08000a6c   Section        0  myfun.o(i.Pin_Conf)
    i.ResetPosition                          0x08000b18   Section        0  myfun.o(i.ResetPosition)
    i.ResetPositionB                         0x08000bc8   Section        0  myfun.o(i.ResetPositionB)
    i.ResetPosition_2                        0x08000c78   Section        0  myfun.o(i.ResetPosition_2)
    i.SetSysClock                            0x08000d2c   Section        0  system_stm32f10x.o(i.SetSysClock)
    SetSysClock                              0x08000d2d   Thumb Code     8  system_stm32f10x.o(i.SetSysClock)
    i.SetSysClockTo72                        0x08000d34   Section        0  system_stm32f10x.o(i.SetSysClockTo72)
    SetSysClockTo72                          0x08000d35   Thumb Code   214  system_stm32f10x.o(i.SetSysClockTo72)
    i.Start_Position                         0x08000e14   Section        0  myfun.o(i.Start_Position)
    i.SysTick_Handler                        0x08000fac   Section        0  myfun.o(i.SysTick_Handler)
    i.SystemInit                             0x08000fbc   Section        0  system_stm32f10x.o(i.SystemInit)
    i.Timer_Conf                             0x0800101c   Section        0  myfun.o(i.Timer_Conf)
    i.TurnLeft1                              0x080011ac   Section        0  myfun.o(i.TurnLeft1)
    i.TurnLeft2                              0x080012d4   Section        0  myfun.o(i.TurnLeft2)
    i.TurnRight1                             0x080013fc   Section        0  myfun.o(i.TurnRight1)
    i.TurnRight2                             0x08001528   Section        0  myfun.o(i.TurnRight2)
    i.USART_Conf                             0x08001644   Section        0  myfun.o(i.USART_Conf)
    i.abc                                    0x08001698   Section        0  myfun.o(i.abc)
    i.abc2                                   0x0800182c   Section        0  myfun.o(i.abc2)
    i.abc3                                   0x080019c0   Section        0  myfun.o(i.abc3)
    i.abc4                                   0x08001b58   Section        0  myfun.o(i.abc4)
    i.delay_ms                               0x08001cec   Section        0  myfun.o(i.delay_ms)
    i.main                                   0x08001d04   Section        0  main.o(i.main)
    x$fpl$dadd                               0x08001d8c   Section      336  daddsub_clz.o(x$fpl$dadd)
    _dadd1                                   0x08001d9d   Thumb Code     0  daddsub_clz.o(x$fpl$dadd)
    x$fpl$ddiv                               0x08001edc   Section      688  ddiv.o(x$fpl$ddiv)
    ddiv_entry                               0x08001ee3   Thumb Code     0  ddiv.o(x$fpl$ddiv)
    x$fpl$dfixu                              0x0800218c   Section       90  dfixu.o(x$fpl$dfixu)
    x$fpl$dfltu                              0x080021e6   Section       38  dflt_clz.o(x$fpl$dfltu)
    x$fpl$dmul                               0x0800220c   Section      340  dmul.o(x$fpl$dmul)
    x$fpl$dnaninf                            0x08002360   Section      156  dnaninf.o(x$fpl$dnaninf)
    x$fpl$dretinf                            0x080023fc   Section       12  dretinf.o(x$fpl$dretinf)
    x$fpl$drsb                               0x08002408   Section       22  daddsub_clz.o(x$fpl$drsb)
    x$fpl$dsub                               0x08002420   Section      468  daddsub_clz.o(x$fpl$dsub)
    _dsub1                                   0x08002431   Thumb Code     0  daddsub_clz.o(x$fpl$dsub)
    x$fpl$usenofp                            0x080025f4   Section        0  usenofp.o(x$fpl$usenofp)
    .data                                    0x20000000   Section       70  myfun.o(.data)
    .bss                                     0x20000048   Section       96  libspace.o(.bss)
    HEAP                                     0x200000a8   Section      512  startup_stm32f10x_md.o(HEAP)
    Heap_Mem                                 0x200000a8   Data         512  startup_stm32f10x_md.o(HEAP)
    STACK                                    0x200002a8   Section     1024  startup_stm32f10x_md.o(STACK)
    Stack_Mem                                0x200002a8   Data        1024  startup_stm32f10x_md.o(STACK)
    __initial_sp                             0x200006a8   Data           0  startup_stm32f10x_md.o(STACK)

    Global Symbols

    Symbol Name                              Value     Ov Type        Size  Object(Section)

    BuildAttributes$$THM_ISAv4$P$D$K$B$S$PE$A:L22UL41UL21$X:L11$S22US41US21$IEEE1$IW$USESV6$~STKCKD$USESV7$~SHL$OSPACE$ROPI$EBA8$UX$STANDARDLIB$REQ8$PRES8$EABIv2 0x00000000   Number         0  anon$$obj.o ABSOLUTE
    __ARM_use_no_argv                        0x00000000   Number         0  main.o ABSOLUTE
    __ARM_exceptions_init                     - Undefined Weak Reference
    __alloca_initialize                       - Undefined Weak Reference
    __arm_preinit_                            - Undefined Weak Reference
    __cpp_initialize__aeabi_                  - Undefined Weak Reference
    __cxa_finalize                            - Undefined Weak Reference
    __rt_locale                               - Undefined Weak Reference
    __sigvec_lookup                           - Undefined Weak Reference
    _atexit_init                              - Undefined Weak Reference
    _call_atexit_fns                          - Undefined Weak Reference
    _clock_init                               - Undefined Weak Reference
    _fp_trap_init                             - Undefined Weak Reference
    _fp_trap_shutdown                         - Undefined Weak Reference
    _get_lc_collate                           - Undefined Weak Reference
    _get_lc_ctype                             - Undefined Weak Reference
    _get_lc_monetary                          - Undefined Weak Reference
    _get_lc_numeric                           - Undefined Weak Reference
    _get_lc_time                              - Undefined Weak Reference
    _getenv_init                              - Undefined Weak Reference
    _handle_redirection                       - Undefined Weak Reference
    _init_alloc                               - Undefined Weak Reference
    _init_user_alloc                          - Undefined Weak Reference
    _initio                                   - Undefined Weak Reference
    _rand_init                                - Undefined Weak Reference
    _signal_finish                            - Undefined Weak Reference
    _signal_init                              - Undefined Weak Reference
    _terminate_alloc                          - Undefined Weak Reference
    _terminate_user_alloc                     - Undefined Weak Reference
    _terminateio                              - Undefined Weak Reference
    __Vectors_Size                           0x000000ec   Number         0  startup_stm32f10x_md.o ABSOLUTE
    __Vectors                                0x08000000   Data           4  startup_stm32f10x_md.o(RESET)
    __Vectors_End                            0x080000ec   Data           0  startup_stm32f10x_md.o(RESET)
    __main                                   0x080000ed   Thumb Code     8  __main.o(!!!main)
    __scatterload                            0x080000f5   Thumb Code     0  __scatter.o(!!!scatter)
    __scatterload_rt2                        0x080000f5   Thumb Code    44  __scatter.o(!!!scatter)
    __scatterload_rt2_thumb_only             0x080000f5   Thumb Code     0  __scatter.o(!!!scatter)
    __scatterload_null                       0x08000103   Thumb Code     0  __scatter.o(!!!scatter)
    __scatterload_copy                       0x08000129   Thumb Code    26  __scatter_copy.o(!!handler_copy)
    __scatterload_zeroinit                   0x08000145   Thumb Code    28  __scatter_zi.o(!!handler_zi)
    __rt_lib_init                            0x08000161   Thumb Code     0  libinit.o(.ARM.Collect$$libinit$$00000000)
    __rt_lib_init_alloca_1                   0x08000163   Thumb Code     0  libinit2.o(.ARM.Collect$$libinit$$0000002E)
    __rt_lib_init_argv_1                     0x08000163   Thumb Code     0  libinit2.o(.ARM.Collect$$libinit$$0000002C)
    __rt_lib_init_atexit_1                   0x08000163   Thumb Code     0  libinit2.o(.ARM.Collect$$libinit$$0000001B)
    __rt_lib_init_clock_1                    0x08000163   Thumb Code     0  libinit2.o(.ARM.Collect$$libinit$$00000021)
    __rt_lib_init_cpp_1                      0x08000163   Thumb Code     0  libinit2.o(.ARM.Collect$$libinit$$00000032)
    __rt_lib_init_exceptions_1               0x08000163   Thumb Code     0  libinit2.o(.ARM.Collect$$libinit$$00000030)
    __rt_lib_init_fp_1                       0x08000163   Thumb Code     0  libinit2.o(.ARM.Collect$$libinit$$00000002)
    __rt_lib_init_fp_trap_1                  0x08000163   Thumb Code     0  libinit2.o(.ARM.Collect$$libinit$$0000001F)
    __rt_lib_init_getenv_1                   0x08000163   Thumb Code     0  libinit2.o(.ARM.Collect$$libinit$$00000023)
    __rt_lib_init_heap_1                     0x08000163   Thumb Code     0  libinit2.o(.ARM.Collect$$libinit$$0000000A)
    __rt_lib_init_lc_collate_1               0x08000163   Thumb Code     0  libinit2.o(.ARM.Collect$$libinit$$00000011)
    __rt_lib_init_lc_ctype_1                 0x08000163   Thumb Code     0  libinit2.o(.ARM.Collect$$libinit$$00000013)
    __rt_lib_init_lc_monetary_1              0x08000163   Thumb Code     0  libinit2.o(.ARM.Collect$$libinit$$00000015)
    __rt_lib_init_lc_numeric_1               0x08000163   Thumb Code     0  libinit2.o(.ARM.Collect$$libinit$$00000017)
    __rt_lib_init_lc_time_1                  0x08000163   Thumb Code     0  libinit2.o(.ARM.Collect$$libinit$$00000019)
    __rt_lib_init_preinit_1                  0x08000163   Thumb Code     0  libinit2.o(.ARM.Collect$$libinit$$00000004)
    __rt_lib_init_rand_1                     0x08000163   Thumb Code     0  libinit2.o(.ARM.Collect$$libinit$$0000000E)
    __rt_lib_init_return                     0x08000163   Thumb Code     0  libinit2.o(.ARM.Collect$$libinit$$00000033)
    __rt_lib_init_signal_1                   0x08000163   Thumb Code     0  libinit2.o(.ARM.Collect$$libinit$$0000001D)
    __rt_lib_init_stdio_1                    0x08000163   Thumb Code     0  libinit2.o(.ARM.Collect$$libinit$$00000025)
    __rt_lib_init_user_alloc_1               0x08000163   Thumb Code     0  libinit2.o(.ARM.Collect$$libinit$$0000000C)
    __rt_lib_shutdown                        0x08000165   Thumb Code     0  libshutdown.o(.ARM.Collect$$libshutdown$$00000000)
    __rt_lib_shutdown_cpp_1                  0x08000167   Thumb Code     0  libshutdown2.o(.ARM.Collect$$libshutdown$$00000002)
    __rt_lib_shutdown_fp_trap_1              0x08000167   Thumb Code     0  libshutdown2.o(.ARM.Collect$$libshutdown$$00000007)
    __rt_lib_shutdown_heap_1                 0x08000167   Thumb Code     0  libshutdown2.o(.ARM.Collect$$libshutdown$$0000000F)
    __rt_lib_shutdown_return                 0x08000167   Thumb Code     0  libshutdown2.o(.ARM.Collect$$libshutdown$$00000010)
    __rt_lib_shutdown_signal_1               0x08000167   Thumb Code     0  libshutdown2.o(.ARM.Collect$$libshutdown$$0000000A)
    __rt_lib_shutdown_stdio_1                0x08000167   Thumb Code     0  libshutdown2.o(.ARM.Collect$$libshutdown$$00000004)
    __rt_lib_shutdown_user_alloc_1           0x08000167   Thumb Code     0  libshutdown2.o(.ARM.Collect$$libshutdown$$0000000C)
    __rt_entry                               0x08000169   Thumb Code     0  __rtentry.o(.ARM.Collect$$rtentry$$00000000)
    __rt_entry_presh_1                       0x08000169   Thumb Code     0  __rtentry2.o(.ARM.Collect$$rtentry$$00000002)
    __rt_entry_sh                            0x08000169   Thumb Code     0  __rtentry4.o(.ARM.Collect$$rtentry$$00000004)
    __rt_entry_li                            0x0800016f   Thumb Code     0  __rtentry2.o(.ARM.Collect$$rtentry$$0000000A)
    __rt_entry_postsh_1                      0x0800016f   Thumb Code     0  __rtentry2.o(.ARM.Collect$$rtentry$$00000009)
    __rt_entry_main                          0x08000173   Thumb Code     0  __rtentry2.o(.ARM.Collect$$rtentry$$0000000D)
    __rt_entry_postli_1                      0x08000173   Thumb Code     0  __rtentry2.o(.ARM.Collect$$rtentry$$0000000C)
    __rt_exit                                0x0800017b   Thumb Code     0  rtexit.o(.ARM.Collect$$rtexit$$00000000)
    __rt_exit_ls                             0x0800017d   Thumb Code     0  rtexit2.o(.ARM.Collect$$rtexit$$00000003)
    __rt_exit_prels_1                        0x0800017d   Thumb Code     0  rtexit2.o(.ARM.Collect$$rtexit$$00000002)
    __rt_exit_exit                           0x08000181   Thumb Code     0  rtexit2.o(.ARM.Collect$$rtexit$$00000004)
    Reset_Handler                            0x08000189   Thumb Code     8  startup_stm32f10x_md.o(.text)
    NMI_Handler                              0x08000191   Thumb Code     2  startup_stm32f10x_md.o(.text)
    HardFault_Handler                        0x08000193   Thumb Code     2  startup_stm32f10x_md.o(.text)
    MemManage_Handler                        0x08000195   Thumb Code     2  startup_stm32f10x_md.o(.text)
    BusFault_Handler                         0x08000197   Thumb Code     2  startup_stm32f10x_md.o(.text)
    UsageFault_Handler                       0x08000199   Thumb Code     2  startup_stm32f10x_md.o(.text)
    SVC_Handler                              0x0800019b   Thumb Code     2  startup_stm32f10x_md.o(.text)
    DebugMon_Handler                         0x0800019d   Thumb Code     2  startup_stm32f10x_md.o(.text)
    PendSV_Handler                           0x0800019f   Thumb Code     2  startup_stm32f10x_md.o(.text)
    ADC1_2_IRQHandler                        0x080001a3   Thumb Code     0  startup_stm32f10x_md.o(.text)
    CAN1_RX1_IRQHandler                      0x080001a3   Thumb Code     0  startup_stm32f10x_md.o(.text)
    CAN1_SCE_IRQHandler                      0x080001a3   Thumb Code     0  startup_stm32f10x_md.o(.text)
    DMA1_Channel1_IRQHandler                 0x080001a3   Thumb Code     0  startup_stm32f10x_md.o(.text)
    DMA1_Channel2_IRQHandler                 0x080001a3   Thumb Code     0  startup_stm32f10x_md.o(.text)
    DMA1_Channel3_IRQHandler                 0x080001a3   Thumb Code     0  startup_stm32f10x_md.o(.text)
    DMA1_Channel4_IRQHandler                 0x080001a3   Thumb Code     0  startup_stm32f10x_md.o(.text)
    DMA1_Channel5_IRQHandler                 0x080001a3   Thumb Code     0  startup_stm32f10x_md.o(.text)
    DMA1_Channel6_IRQHandler                 0x080001a3   Thumb Code     0  startup_stm32f10x_md.o(.text)
    DMA1_Channel7_IRQHandler                 0x080001a3   Thumb Code     0  startup_stm32f10x_md.o(.text)
    EXTI0_IRQHandler                         0x080001a3   Thumb Code     0  startup_stm32f10x_md.o(.text)
    EXTI15_10_IRQHandler                     0x080001a3   Thumb Code     0  startup_stm32f10x_md.o(.text)
    EXTI1_IRQHandler                         0x080001a3   Thumb Code     0  startup_stm32f10x_md.o(.text)
    EXTI2_IRQHandler                         0x080001a3   Thumb Code     0  startup_stm32f10x_md.o(.text)
    EXTI3_IRQHandler                         0x080001a3   Thumb Code     0  startup_stm32f10x_md.o(.text)
    EXTI4_IRQHandler                         0x080001a3   Thumb Code     0  startup_stm32f10x_md.o(.text)
    EXTI9_5_IRQHandler                       0x080001a3   Thumb Code     0  startup_stm32f10x_md.o(.text)
    FLASH_IRQHandler                         0x080001a3   Thumb Code     0  startup_stm32f10x_md.o(.text)
    I2C1_ER_IRQHandler                       0x080001a3   Thumb Code     0  startup_stm32f10x_md.o(.text)
    I2C1_EV_IRQHandler                       0x080001a3   Thumb Code     0  startup_stm32f10x_md.o(.text)
    I2C2_ER_IRQHandler                       0x080001a3   Thumb Code     0  startup_stm32f10x_md.o(.text)
    I2C2_EV_IRQHandler                       0x080001a3   Thumb Code     0  startup_stm32f10x_md.o(.text)
    PVD_IRQHandler                           0x080001a3   Thumb Code     0  startup_stm32f10x_md.o(.text)
    RCC_IRQHandler                           0x080001a3   Thumb Code     0  startup_stm32f10x_md.o(.text)
    RTCAlarm_IRQHandler                      0x080001a3   Thumb Code     0  startup_stm32f10x_md.o(.text)
    RTC_IRQHandler                           0x080001a3   Thumb Code     0  startup_stm32f10x_md.o(.text)
    SPI1_IRQHandler                          0x080001a3   Thumb Code     0  startup_stm32f10x_md.o(.text)
    SPI2_IRQHandler                          0x080001a3   Thumb Code     0  startup_stm32f10x_md.o(.text)
    TAMPER_IRQHandler                        0x080001a3   Thumb Code     0  startup_stm32f10x_md.o(.text)
    TIM1_BRK_IRQHandler                      0x080001a3   Thumb Code     0  startup_stm32f10x_md.o(.text)
    TIM1_CC_IRQHandler                       0x080001a3   Thumb Code     0  startup_stm32f10x_md.o(.text)
    TIM1_TRG_COM_IRQHandler                  0x080001a3   Thumb Code     0  startup_stm32f10x_md.o(.text)
    TIM1_UP_IRQHandler                       0x080001a3   Thumb Code     0  startup_stm32f10x_md.o(.text)
    TIM2_IRQHandler                          0x080001a3   Thumb Code     0  startup_stm32f10x_md.o(.text)
    TIM3_IRQHandler                          0x080001a3   Thumb Code     0  startup_stm32f10x_md.o(.text)
    TIM4_IRQHandler                          0x080001a3   Thumb Code     0  startup_stm32f10x_md.o(.text)
    USART1_IRQHandler                        0x080001a3   Thumb Code     0  startup_stm32f10x_md.o(.text)
    USART2_IRQHandler                        0x080001a3   Thumb Code     0  startup_stm32f10x_md.o(.text)
    USART3_IRQHandler                        0x080001a3   Thumb Code     0  startup_stm32f10x_md.o(.text)
    USBWakeUp_IRQHandler                     0x080001a3   Thumb Code     0  startup_stm32f10x_md.o(.text)
    USB_HP_CAN1_TX_IRQHandler                0x080001a3   Thumb Code     0  startup_stm32f10x_md.o(.text)
    USB_LP_CAN1_RX0_IRQHandler               0x080001a3   Thumb Code     0  startup_stm32f10x_md.o(.text)
    WWDG_IRQHandler                          0x080001a3   Thumb Code     0  startup_stm32f10x_md.o(.text)
    __user_initial_stackheap                 0x080001a5   Thumb Code     0  startup_stm32f10x_md.o(.text)
    __use_two_region_memory                  0x080001c9   Thumb Code     2  heapauxi.o(.text)
    __rt_heap_escrow$2region                 0x080001cb   Thumb Code     2  heapauxi.o(.text)
    __rt_heap_expand$2region                 0x080001cd   Thumb Code     2  heapauxi.o(.text)
    __user_setup_stackheap                   0x080001cf   Thumb Code    74  sys_stackheap_outer.o(.text)
    exit                                     0x08000219   Thumb Code    18  exit.o(.text)
    __user_libspace                          0x0800022d   Thumb Code     8  libspace.o(.text)
    __user_perproc_libspace                  0x0800022d   Thumb Code     0  libspace.o(.text)
    __user_perthread_libspace                0x0800022d   Thumb Code     0  libspace.o(.text)
    _sys_exit                                0x08000235   Thumb Code     8  sys_exit.o(.text)
    __I$use$semihosting                      0x08000241   Thumb Code     0  use_no_semi.o(.text)
    __use_no_semihosting_swi                 0x08000241   Thumb Code     2  use_no_semi.o(.text)
    __semihosting_library_function           0x08000243   Thumb Code     0  indicate_semi.o(.text)
    Algorythm_one                            0x08000245   Thumb Code   218  myfun.o(i.Algorythm_one)
    Algorytm_two                             0x0800032d   Thumb Code   248  myfun.o(i.Algorytm_two)
    BluetoothReceive                         0x08000435   Thumb Code   104  myfun.o(i.BluetoothReceive)
    ComReceive                               0x080004ad   Thumb Code    20  myfun.o(i.ComReceive)
    Led_Conf                                 0x080004c1   Thumb Code    36  myfun.o(i.Led_Conf)
    MoveBackwards1                           0x080004ed   Thumb Code   272  myfun.o(i.MoveBackwards1)
    MoveBackwards2                           0x0800061d   Thumb Code   258  myfun.o(i.MoveBackwards2)
    MoveForward1                             0x08000739   Thumb Code   370  myfun.o(i.MoveForward1)
    MoveForward2                             0x080008e1   Thumb Code   352  myfun.o(i.MoveForward2)
    Pin_Conf                                 0x08000a6d   Thumb Code   160  myfun.o(i.Pin_Conf)
    ResetPosition                            0x08000b19   Thumb Code   132  myfun.o(i.ResetPosition)
    ResetPositionB                           0x08000bc9   Thumb Code   132  myfun.o(i.ResetPositionB)
    ResetPosition_2                          0x08000c79   Thumb Code   134  myfun.o(i.ResetPosition_2)
    Start_Position                           0x08000e15   Thumb Code   366  myfun.o(i.Start_Position)
    SysTick_Handler                          0x08000fad   Thumb Code    12  myfun.o(i.SysTick_Handler)
    SystemInit                               0x08000fbd   Thumb Code    78  system_stm32f10x.o(i.SystemInit)
    Timer_Conf                               0x0800101d   Thumb Code   384  myfun.o(i.Timer_Conf)
    TurnLeft1                                0x080011ad   Thumb Code   266  myfun.o(i.TurnLeft1)
    TurnLeft2                                0x080012d5   Thumb Code   268  myfun.o(i.TurnLeft2)
    TurnRight1                               0x080013fd   Thumb Code   268  myfun.o(i.TurnRight1)
    TurnRight2                               0x08001529   Thumb Code   260  myfun.o(i.TurnRight2)
    USART_Conf                               0x08001645   Thumb Code    72  myfun.o(i.USART_Conf)
    abc                                      0x08001699   Thumb Code   334  myfun.o(i.abc)
    abc2                                     0x0800182d   Thumb Code   334  myfun.o(i.abc2)
    abc3                                     0x080019c1   Thumb Code   334  myfun.o(i.abc3)
    abc4                                     0x08001b59   Thumb Code   334  myfun.o(i.abc4)
    delay_ms                                 0x08001ced   Thumb Code    18  myfun.o(i.delay_ms)
    main                                     0x08001d05   Thumb Code   118  main.o(i.main)
    __aeabi_dadd                             0x08001d8d   Thumb Code     0  daddsub_clz.o(x$fpl$dadd)
    _dadd                                    0x08001d8d   Thumb Code   332  daddsub_clz.o(x$fpl$dadd)
    __aeabi_ddiv                             0x08001edd   Thumb Code     0  ddiv.o(x$fpl$ddiv)
    _ddiv                                    0x08001edd   Thumb Code   552  ddiv.o(x$fpl$ddiv)
    __aeabi_d2uiz                            0x0800218d   Thumb Code     0  dfixu.o(x$fpl$dfixu)
    _dfixu                                   0x0800218d   Thumb Code    90  dfixu.o(x$fpl$dfixu)
    __aeabi_ui2d                             0x080021e7   Thumb Code     0  dflt_clz.o(x$fpl$dfltu)
    _dfltu                                   0x080021e7   Thumb Code    38  dflt_clz.o(x$fpl$dfltu)
    __aeabi_dmul                             0x0800220d   Thumb Code     0  dmul.o(x$fpl$dmul)
    _dmul                                    0x0800220d   Thumb Code   332  dmul.o(x$fpl$dmul)
    __fpl_dnaninf                            0x08002361   Thumb Code   156  dnaninf.o(x$fpl$dnaninf)
    __fpl_dretinf                            0x080023fd   Thumb Code    12  dretinf.o(x$fpl$dretinf)
    __aeabi_drsub                            0x08002409   Thumb Code     0  daddsub_clz.o(x$fpl$drsb)
    _drsb                                    0x08002409   Thumb Code    22  daddsub_clz.o(x$fpl$drsb)
    __aeabi_dsub                             0x08002421   Thumb Code     0  daddsub_clz.o(x$fpl$dsub)
    _dsub                                    0x08002421   Thumb Code   464  daddsub_clz.o(x$fpl$dsub)
    Region$$Table$$Base                      0x080025f4   Number         0  anon$$obj.o(Region$$Table)
    __I$use$fp                               0x080025f4   Number         0  usenofp.o(x$fpl$usenofp)
    Region$$Table$$Limit                     0x08002614   Number         0  anon$$obj.o(Region$$Table)
    tick                                     0x20000000   Data           4  myfun.o(.data)
    temp                                     0x20000004   Data           4  myfun.o(.data)
    set                                      0x20000008   Data           1  myfun.o(.data)
    position                                 0x20000009   Data           1  myfun.o(.data)
    alg                                      0x2000000a   Data           1  myfun.o(.data)
    z1F1                                     0x2000000c   Data           2  myfun.o(.data)
    z2F1                                     0x2000000e   Data           2  myfun.o(.data)
    z3F1                                     0x20000010   Data           2  myfun.o(.data)
    z4F1                                     0x20000012   Data           2  myfun.o(.data)
    z1F2                                     0x20000014   Data           2  myfun.o(.data)
    z2F2                                     0x20000016   Data           2  myfun.o(.data)
    z3F2                                     0x20000018   Data           2  myfun.o(.data)
    z4F2                                     0x2000001a   Data           2  myfun.o(.data)
    z1F3                                     0x2000001c   Data           2  myfun.o(.data)
    z2F3                                     0x2000001e   Data           2  myfun.o(.data)
    z3F3                                     0x20000020   Data           2  myfun.o(.data)
    z4F3                                     0x20000022   Data           2  myfun.o(.data)
    z1F4                                     0x20000024   Data           2  myfun.o(.data)
    z2F4                                     0x20000026   Data           2  myfun.o(.data)
    z3F4                                     0x20000028   Data           2  myfun.o(.data)
    z4F4                                     0x2000002a   Data           2  myfun.o(.data)
    pos1                                     0x2000002c   Data           4  myfun.o(.data)
    pos2                                     0x20000030   Data           4  myfun.o(.data)
    pos3                                     0x20000034   Data           4  myfun.o(.data)
    pos4                                     0x20000038   Data           4  myfun.o(.data)
    pos5                                     0x2000003c   Data           4  myfun.o(.data)
    pos6                                     0x20000040   Data           4  myfun.o(.data)
    status                                   0x20000044   Data           1  myfun.o(.data)
    status1                                  0x20000045   Data           1  myfun.o(.data)
    __libspace_start                         0x20000048   Data          96  libspace.o(.bss)
    __temporary_stack_top$libspace           0x200000a8   Data           0  libspace.o(.bss)



==============================================================================

Memory Map of the image

  Image Entry point : 0x08000189

  Load Region LR_1 (Base: 0x08000000, Size: 0x0000265c, Max: 0xffffffff, ABSOLUTE)

    Execution Region ER_RO (Exec base: 0x08000000, Load base: 0x08000000, Size: 0x00002614, Max: 0xffffffff, ABSOLUTE)

    Exec Addr    Load Addr    Size         Type   Attr      Idx    E Section Name        Object

    0x08000000   0x08000000   0x000000ec   Data   RO          253    RESET               startup_stm32f10x_md.o
    0x080000ec   0x080000ec   0x00000008   Code   RO          308  * !!!main             c_w.l(__main.o)
    0x080000f4   0x080000f4   0x00000034   Code   RO          492    !!!scatter          c_w.l(__scatter.o)
    0x08000128   0x08000128   0x0000001a   Code   RO          494    !!handler_copy      c_w.l(__scatter_copy.o)
    0x08000142   0x08000142   0x00000002   PAD
    0x08000144   0x08000144   0x0000001c   Code   RO          496    !!handler_zi        c_w.l(__scatter_zi.o)
    0x08000160   0x08000160   0x00000002   Code   RO          362    .ARM.Collect$$libinit$$00000000  c_w.l(libinit.o)
    0x08000162   0x08000162   0x00000000   Code   RO          369    .ARM.Collect$$libinit$$00000002  c_w.l(libinit2.o)
    0x08000162   0x08000162   0x00000000   Code   RO          371    .ARM.Collect$$libinit$$00000004  c_w.l(libinit2.o)
    0x08000162   0x08000162   0x00000000   Code   RO          374    .ARM.Collect$$libinit$$0000000A  c_w.l(libinit2.o)
    0x08000162   0x08000162   0x00000000   Code   RO          376    .ARM.Collect$$libinit$$0000000C  c_w.l(libinit2.o)
    0x08000162   0x08000162   0x00000000   Code   RO          378    .ARM.Collect$$libinit$$0000000E  c_w.l(libinit2.o)
    0x08000162   0x08000162   0x00000000   Code   RO          381    .ARM.Collect$$libinit$$00000011  c_w.l(libinit2.o)
    0x08000162   0x08000162   0x00000000   Code   RO          383    .ARM.Collect$$libinit$$00000013  c_w.l(libinit2.o)
    0x08000162   0x08000162   0x00000000   Code   RO          385    .ARM.Collect$$libinit$$00000015  c_w.l(libinit2.o)
    0x08000162   0x08000162   0x00000000   Code   RO          387    .ARM.Collect$$libinit$$00000017  c_w.l(libinit2.o)
    0x08000162   0x08000162   0x00000000   Code   RO          389    .ARM.Collect$$libinit$$00000019  c_w.l(libinit2.o)
    0x08000162   0x08000162   0x00000000   Code   RO          391    .ARM.Collect$$libinit$$0000001B  c_w.l(libinit2.o)
    0x08000162   0x08000162   0x00000000   Code   RO          393    .ARM.Collect$$libinit$$0000001D  c_w.l(libinit2.o)
    0x08000162   0x08000162   0x00000000   Code   RO          395    .ARM.Collect$$libinit$$0000001F  c_w.l(libinit2.o)
    0x08000162   0x08000162   0x00000000   Code   RO          397    .ARM.Collect$$libinit$$00000021  c_w.l(libinit2.o)
    0x08000162   0x08000162   0x00000000   Code   RO          399    .ARM.Collect$$libinit$$00000023  c_w.l(libinit2.o)
    0x08000162   0x08000162   0x00000000   Code   RO          401    .ARM.Collect$$libinit$$00000025  c_w.l(libinit2.o)
    0x08000162   0x08000162   0x00000000   Code   RO          405    .ARM.Collect$$libinit$$0000002C  c_w.l(libinit2.o)
    0x08000162   0x08000162   0x00000000   Code   RO          407    .ARM.Collect$$libinit$$0000002E  c_w.l(libinit2.o)
    0x08000162   0x08000162   0x00000000   Code   RO          409    .ARM.Collect$$libinit$$00000030  c_w.l(libinit2.o)
    0x08000162   0x08000162   0x00000000   Code   RO          411    .ARM.Collect$$libinit$$00000032  c_w.l(libinit2.o)
    0x08000162   0x08000162   0x00000002   Code   RO          412    .ARM.Collect$$libinit$$00000033  c_w.l(libinit2.o)
    0x08000164   0x08000164   0x00000002   Code   RO          432    .ARM.Collect$$libshutdown$$00000000  c_w.l(libshutdown.o)
    0x08000166   0x08000166   0x00000000   Code   RO          445    .ARM.Collect$$libshutdown$$00000002  c_w.l(libshutdown2.o)
    0x08000166   0x08000166   0x00000000   Code   RO          447    .ARM.Collect$$libshutdown$$00000004  c_w.l(libshutdown2.o)
    0x08000166   0x08000166   0x00000000   Code   RO          450    .ARM.Collect$$libshutdown$$00000007  c_w.l(libshutdown2.o)
    0x08000166   0x08000166   0x00000000   Code   RO          453    .ARM.Collect$$libshutdown$$0000000A  c_w.l(libshutdown2.o)
    0x08000166   0x08000166   0x00000000   Code   RO          455    .ARM.Collect$$libshutdown$$0000000C  c_w.l(libshutdown2.o)
    0x08000166   0x08000166   0x00000000   Code   RO          458    .ARM.Collect$$libshutdown$$0000000F  c_w.l(libshutdown2.o)
    0x08000166   0x08000166   0x00000002   Code   RO          459    .ARM.Collect$$libshutdown$$00000010  c_w.l(libshutdown2.o)
    0x08000168   0x08000168   0x00000000   Code   RO          332    .ARM.Collect$$rtentry$$00000000  c_w.l(__rtentry.o)
    0x08000168   0x08000168   0x00000000   Code   RO          339    .ARM.Collect$$rtentry$$00000002  c_w.l(__rtentry2.o)
    0x08000168   0x08000168   0x00000006   Code   RO          351    .ARM.Collect$$rtentry$$00000004  c_w.l(__rtentry4.o)
    0x0800016e   0x0800016e   0x00000000   Code   RO          341    .ARM.Collect$$rtentry$$00000009  c_w.l(__rtentry2.o)
    0x0800016e   0x0800016e   0x00000004   Code   RO          342    .ARM.Collect$$rtentry$$0000000A  c_w.l(__rtentry2.o)
    0x08000172   0x08000172   0x00000000   Code   RO          344    .ARM.Collect$$rtentry$$0000000C  c_w.l(__rtentry2.o)
    0x08000172   0x08000172   0x00000008   Code   RO          345    .ARM.Collect$$rtentry$$0000000D  c_w.l(__rtentry2.o)
    0x0800017a   0x0800017a   0x00000002   Code   RO          366    .ARM.Collect$$rtexit$$00000000  c_w.l(rtexit.o)
    0x0800017c   0x0800017c   0x00000000   Code   RO          414    .ARM.Collect$$rtexit$$00000002  c_w.l(rtexit2.o)
    0x0800017c   0x0800017c   0x00000004   Code   RO          415    .ARM.Collect$$rtexit$$00000003  c_w.l(rtexit2.o)
    0x08000180   0x08000180   0x00000006   Code   RO          416    .ARM.Collect$$rtexit$$00000004  c_w.l(rtexit2.o)
    0x08000186   0x08000186   0x00000002   PAD
    0x08000188   0x08000188   0x00000040   Code   RO          254  * .text               startup_stm32f10x_md.o
    0x080001c8   0x080001c8   0x00000006   Code   RO          306    .text               c_w.l(heapauxi.o)
    0x080001ce   0x080001ce   0x0000004a   Code   RO          353    .text               c_w.l(sys_stackheap_outer.o)
    0x08000218   0x08000218   0x00000012   Code   RO          355    .text               c_w.l(exit.o)
    0x0800022a   0x0800022a   0x00000002   PAD
    0x0800022c   0x0800022c   0x00000008   Code   RO          363    .text               c_w.l(libspace.o)
    0x08000234   0x08000234   0x0000000c   Code   RO          424    .text               c_w.l(sys_exit.o)
    0x08000240   0x08000240   0x00000002   Code   RO          435    .text               c_w.l(use_no_semi.o)
    0x08000242   0x08000242   0x00000000   Code   RO          437    .text               c_w.l(indicate_semi.o)
    0x08000242   0x08000242   0x00000002   PAD
    0x08000244   0x08000244   0x000000e8   Code   RO            4    i.Algorythm_one     myfun.o
    0x0800032c   0x0800032c   0x00000108   Code   RO            5    i.Algorytm_two      myfun.o
    0x08000434   0x08000434   0x00000078   Code   RO            6    i.BluetoothReceive  myfun.o
    0x080004ac   0x080004ac   0x00000014   Code   RO            7    i.ComReceive        myfun.o
    0x080004c0   0x080004c0   0x0000002c   Code   RO            8    i.Led_Conf          myfun.o
    0x080004ec   0x080004ec   0x00000130   Code   RO           10    i.MoveBackwards1    myfun.o
    0x0800061c   0x0800061c   0x0000011c   Code   RO           11    i.MoveBackwards2    myfun.o
    0x08000738   0x08000738   0x000001a8   Code   RO           12    i.MoveForward1      myfun.o
    0x080008e0   0x080008e0   0x0000018c   Code   RO           13    i.MoveForward2      myfun.o
    0x08000a6c   0x08000a6c   0x000000ac   Code   RO           14    i.Pin_Conf          myfun.o
    0x08000b18   0x08000b18   0x000000b0   Code   RO           15    i.ResetPosition     myfun.o
    0x08000bc8   0x08000bc8   0x000000b0   Code   RO           16    i.ResetPositionB    myfun.o
    0x08000c78   0x08000c78   0x000000b4   Code   RO           17    i.ResetPosition_2   myfun.o
    0x08000d2c   0x08000d2c   0x00000008   Code   RO          261    i.SetSysClock       system_stm32f10x.o
    0x08000d34   0x08000d34   0x000000e0   Code   RO          262    i.SetSysClockTo72   system_stm32f10x.o
    0x08000e14   0x08000e14   0x00000198   Code   RO           19    i.Start_Position    myfun.o
    0x08000fac   0x08000fac   0x00000010   Code   RO           20    i.SysTick_Handler   myfun.o
    0x08000fbc   0x08000fbc   0x00000060   Code   RO          264    i.SystemInit        system_stm32f10x.o
    0x0800101c   0x0800101c   0x00000190   Code   RO           21    i.Timer_Conf        myfun.o
    0x080011ac   0x080011ac   0x00000128   Code   RO           22    i.TurnLeft1         myfun.o
    0x080012d4   0x080012d4   0x00000128   Code   RO           23    i.TurnLeft2         myfun.o
    0x080013fc   0x080013fc   0x0000012c   Code   RO           24    i.TurnRight1        myfun.o
    0x08001528   0x08001528   0x0000011c   Code   RO           25    i.TurnRight2        myfun.o
    0x08001644   0x08001644   0x00000054   Code   RO           26    i.USART_Conf        myfun.o
    0x08001698   0x08001698   0x00000194   Code   RO           27    i.abc               myfun.o
    0x0800182c   0x0800182c   0x00000194   Code   RO           28    i.abc2              myfun.o
    0x080019c0   0x080019c0   0x00000198   Code   RO           29    i.abc3              myfun.o
    0x08001b58   0x08001b58   0x00000194   Code   RO           30    i.abc4              myfun.o
    0x08001cec   0x08001cec   0x00000018   Code   RO           31    i.delay_ms          myfun.o
    0x08001d04   0x08001d04   0x00000088   Code   RO          225    i.main              main.o
    0x08001d8c   0x08001d8c   0x00000150   Code   RO          310    x$fpl$dadd          fz_ws.l(daddsub_clz.o)
    0x08001edc   0x08001edc   0x000002b0   Code   RO          317    x$fpl$ddiv          fz_ws.l(ddiv.o)
    0x0800218c   0x0800218c   0x0000005a   Code   RO          320    x$fpl$dfixu         fz_ws.l(dfixu.o)
    0x080021e6   0x080021e6   0x00000026   Code   RO          324    x$fpl$dfltu         fz_ws.l(dflt_clz.o)
    0x0800220c   0x0800220c   0x00000154   Code   RO          330    x$fpl$dmul          fz_ws.l(dmul.o)
    0x08002360   0x08002360   0x0000009c   Code   RO          333    x$fpl$dnaninf       fz_ws.l(dnaninf.o)
    0x080023fc   0x080023fc   0x0000000c   Code   RO          335    x$fpl$dretinf       fz_ws.l(dretinf.o)
    0x08002408   0x08002408   0x00000016   Code   RO          311    x$fpl$drsb          fz_ws.l(daddsub_clz.o)
    0x0800241e   0x0800241e   0x00000002   PAD
    0x08002420   0x08002420   0x000001d4   Code   RO          312    x$fpl$dsub          fz_ws.l(daddsub_clz.o)
    0x080025f4   0x080025f4   0x00000000   Code   RO          337    x$fpl$usenofp       fz_ws.l(usenofp.o)
    0x080025f4   0x080025f4   0x00000020   Data   RO          490    Region$$Table       anon$$obj.o


    Execution Region ER_RW (Exec base: 0x20000000, Load base: 0x08002614, Size: 0x00000048, Max: 0xffffffff, ABSOLUTE)

    Exec Addr    Load Addr    Size         Type   Attr      Idx    E Section Name        Object

    0x20000000   0x08002614   0x00000046   Data   RW           32    .data               myfun.o


    Execution Region ER_ZI (Exec base: 0x20000048, Load base: 0x0800265c, Size: 0x00000660, Max: 0xffffffff, ABSOLUTE)

    Exec Addr    Load Addr    Size         Type   Attr      Idx    E Section Name        Object

    0x20000048        -       0x00000060   Zero   RW          364    .bss                c_w.l(libspace.o)
    0x200000a8        -       0x00000200   Zero   RW          252    HEAP                startup_stm32f10x_md.o
    0x200002a8        -       0x00000400   Zero   RW          251    STACK               startup_stm32f10x_md.o


==============================================================================

Image component sizes


      Code (inc. data)   RO Data    RW Data    ZI Data      Debug   Object Name

       136         18          0          0          0      25530   main.o
      6520        842          0         70          0     221347   myfun.o
        64         26        236          0       1536        832   startup_stm32f10x_md.o
       328         28          0          0          0       2177   system_stm32f10x.o

    ----------------------------------------------------------------------
      7048        914        268         72       1536     249886   Object Totals
         0          0         32          0          0          0   (incl. Generated)
         0          0          0          2          0          0   (incl. Padding)

    ----------------------------------------------------------------------

      Code (inc. data)   RO Data    RW Data    ZI Data      Debug   Library Member Name

         8          0          0          0          0         68   __main.o
         0          0          0          0          0          0   __rtentry.o
        12          0          0          0          0          0   __rtentry2.o
         6          0          0          0          0          0   __rtentry4.o
        52          8          0          0          0          0   __scatter.o
        26          0          0          0          0          0   __scatter_copy.o
        28          0          0          0          0          0   __scatter_zi.o
        18          0          0          0          0         80   exit.o
         6          0          0          0          0        152   heapauxi.o
         0          0          0          0          0          0   indicate_semi.o
         2          0          0          0          0          0   libinit.o
         2          0          0          0          0          0   libinit2.o
         2          0          0          0          0          0   libshutdown.o
         2          0          0          0          0          0   libshutdown2.o
         8          4          0          0         96         68   libspace.o
         2          0          0          0          0          0   rtexit.o
        10          0          0          0          0          0   rtexit2.o
        12          4          0          0          0         68   sys_exit.o
        74          0          0          0          0         80   sys_stackheap_outer.o
         2          0          0          0          0         68   use_no_semi.o
       826         16          0          0          0        348   daddsub_clz.o
       688        140          0          0          0        208   ddiv.o
        90          4          0          0          0         92   dfixu.o
        38          0          0          0          0         68   dflt_clz.o
       340         12          0          0          0        104   dmul.o
       156          4          0          0          0         92   dnaninf.o
        12          0          0          0          0         68   dretinf.o
         0          0          0          0          0          0   usenofp.o

    ----------------------------------------------------------------------
      2432        192          0          0         96       1564   Library Totals
        10          0          0          0          0          0   (incl. Padding)

    ----------------------------------------------------------------------

      Code (inc. data)   RO Data    RW Data    ZI Data      Debug   Library Name

       272         16          0          0         96        584   c_w.l
      2150        176          0          0          0        980   fz_ws.l

    ----------------------------------------------------------------------
      2432        192          0          0         96       1564   Library Totals

    ----------------------------------------------------------------------

==============================================================================


      Code (inc. data)   RO Data    RW Data    ZI Data      Debug   

      9480       1106        268         72       1632     249418   Grand Totals
      9480       1106        268         72       1632     249418   ELF Image Totals
      9480       1106        268         72          0          0   ROM Totals

==============================================================================

    Total RO  Size (Code + RO Data)                 9748 (   9.52kB)
    Total RW  Size (RW Data + ZI Data)              1704 (   1.66kB)
    Total ROM Size (Code + RO Data + RW Data)       9820 (   9.59kB)

==============================================================================

